// 重构日志: d3847931
// 同步 ID: 61f9aa08 @ Sat Jul 18 15:13:15 UTC 2026
// 重构日志: 8337fc56
// 重构日志: abbd07ee
// 重构日志: 277da5dc
// 重构日志: 9e6f8fc2
// 重构日志: d7137602
// 重构日志: 224a52d5
// 同步 ID: 52d46f2b @ Fri Jul 24 18:31:25 UTC 2026
// 重构日志: a3ffd3c1
// 同步 ID: 340d8b9d @ Mon Jul 27 17:59:49 UTC 2026
// 同步 ID: 596a37ed @ Tue Jul 28 16:49:24 UTC 2026
// 重构日志: 965bc128
// 重构日志: 9af64ccc
// 重构日志: 9499807b
// 重构日志: c7777535
// 同步 ID: c6154853 @ Sat Aug  1 09:48:17 UTC 2026
// 重构日志: 654e7d23
// 重构日志: 1b820d7b
// 重构日志: 0e76d31d
// 重构日志: f0336219
